ShellScripting Assignment5

Administrator@DESKTOP-TIC5DM4 MINGW64 /Myproject (master)
$ touch Assignment5.sh

Administrator@DESKTOP-TIC5DM4 MINGW64 /Myproject (master)
$ vim Assignment5.sh

Administrator@DESKTOP-TIC5DM4 MINGW64 /Myproject (master)
$ cat Assignment5.sh
#!/bin/bash

#Function that display debug messages

debug_msg() {
        if [ "$debug_mode" = "true" ]; then
                echo "debug: $1"
        fi
}

#Function to create directory and handle errors

create_dir() {
        if [ -d "$1" ]; then
                echo "Error: Directory '$1' already exists."
                exit 1
        fi

        debug_msg "Creating directory: $1"
        mkdir -p "$1" || {
                echo "Error: Unable to create directory '$1'."
                exit 1
        }
}

#Main script

debug_mode=false

#check if debuging mode enable

if [ "$1" = "--debug" ]; then
        debug_mode=true
        shift  #remove --debug from args
fi

#check if at least one arg is provided

if [ $# -eq 0 ]; then
        echo "Usage: $0 [--debug] directory_name"
        exit 1
fi

dir_name="$1"

#creating dir

create_dir "$dir_name"
echo "Directory '$dir_name' created successfully."


Administrator@DESKTOP-TIC5DM4 MINGW64 /Myproject (master)
$ ./Assignment5.sh new_directory
Directory 'new_directory' created successfully.

Administrator@DESKTOP-TIC5DM4 MINGW64 /Myproject (master)
$ ./Assignment5.sh Myproject
Directory 'Myproject' created successfully.

Administrator@DESKTOP-TIC5DM4 MINGW64 /Myproject (master)
$ ./Assignment5.sh
Usage: ./Assignment5.sh enter directory_name




